# serializer version: 1
# name: test_sync_command
  list([
    '.circup',
    '.circup/adafruit_74hc595.meta',
    '.circup/adafruit_bus_device.meta',
    '.circup/adafruit_character_lcd.meta',
    '.circup/adafruit_mcp230xx.meta',
    '.pip',
    '.pip/adafruit-circuitpython-busdevice.meta',
    '.pip/adafruit-circuitpython-framebuf.meta',
    '.pip/adafruit-circuitpython-ssd1306.meta',
    '.pip/simple-app-project.meta',
    'adafruit_74hc595.py',
    'adafruit_bus_device',
    'adafruit_bus_device/__init__.py',
    'adafruit_bus_device/i2c_device.py',
    'adafruit_bus_device/spi_device.py',
    'adafruit_character_lcd',
    'adafruit_character_lcd/__init__.py',
    'adafruit_character_lcd/character_lcd.py',
    'adafruit_character_lcd/character_lcd_i2c.py',
    'adafruit_character_lcd/character_lcd_rgb_i2c.py',
    'adafruit_character_lcd/character_lcd_spi.py',
    'adafruit_framebuf.py',
    'adafruit_mcp230xx',
    'adafruit_mcp230xx/__init__.py',
    'adafruit_mcp230xx/digital_inout.py',
    'adafruit_mcp230xx/mcp23008.py',
    'adafruit_mcp230xx/mcp23016.py',
    'adafruit_mcp230xx/mcp23017.py',
    'adafruit_mcp230xx/mcp230xx.py',
    'adafruit_mcp230xx/mcp23s08.py',
    'adafruit_mcp230xx/mcp23s17.py',
    'adafruit_mcp230xx/mcp23sxx.py',
    'adafruit_mcp230xx/mcp23xxx.py',
    'adafruit_ssd1306.py',
  ])
# ---
