# serializer version: 1
# name: test_complex
  MinnySettings(dependencies=DependenciesTable(pip=['adafruit-circuitpython-lcd>=2.3', 'adafruit-circuitpython-iobase'], mip=['logging', 'unittest@1.2.3'], circup=['some-obscure-lib']), deploy=DeployTable(files=[DeployFilesItem(source_dir='src', target_dir='/', include=['main.py', 'code.py', 'boot.py'], exclude=['special-module.py'], compile=['**/*.py'], no_compile=[]), DeployFilesItem(source_dir='.', target_dir='/lib', include=['special-module.py'], exclude=[], compile='auto', no_compile=[])], packages=[DeployPackagesItem(target_dir='/lib', include=['*'], exclude=['asyncio'], compile=['*'], no_compile=[])], no_delete=['/sd', '/rom', '/ram', '/boot.py', '/boot.txt', '/flash/boot.py', '/safemode.py', '/safemode.txt', '/repl.py', '/flash/SKIPSD', '/settings.toml', '/webrepl_cfg.py', '/flash/webrepl_cfg.py', '/boot_out.txt', '/.*', '/flash/.*']))
# ---
# name: test_implicit_deploy_packages
  MinnySettings(dependencies=DependenciesTable(pip=['adafruit-circuitpython-lcd'], mip=[], circup=[]), deploy=DeployTable(files=[DeployFilesItem(source_dir='.', target_dir='auto', include=['main.py', 'boot.py'], exclude=[], compile='auto', no_compile=[])], packages=[DeployPackagesItem(target_dir='auto', include=['auto'], exclude=[], compile=['*'], no_compile=[])], no_delete=['/sd', '/rom', '/ram', '/boot.py', '/boot.txt', '/flash/boot.py', '/safemode.py', '/safemode.txt', '/repl.py', '/flash/SKIPSD', '/settings.toml', '/webrepl_cfg.py', '/flash/webrepl_cfg.py', '/boot_out.txt', '/.*', '/flash/.*']))
# ---
