# serializer version: 1
# name: test_basic_deploy
  dict({
    '.circup': -1,
    '.circup/adafruit_74hc595.meta': 212,
    '.circup/adafruit_bus_device.meta': 299,
    '.circup/adafruit_character_lcd.meta': 507,
    '.circup/adafruit_mcp230xx.meta': 588,
    '.minny': -1,
    '.minny/cookie': 36,
    '.pip': -1,
    '.pip/adafruit-circuitpython-busdevice.meta': 479,
    '.pip/adafruit-circuitpython-framebuf.meta': 386,
    '.pip/adafruit-circuitpython-ssd1306.meta': 462,
    '.pip/simple-app-project.meta': 147,
    'adafruit_74hc595.mpy': 1780,
    'adafruit_bus_device': -1,
    'adafruit_bus_device/__init__.mpy': 46,
    'adafruit_bus_device/i2c_device.mpy': 1180,
    'adafruit_bus_device/spi_device.mpy': 851,
    'adafruit_character_lcd': -1,
    'adafruit_character_lcd/__init__.mpy': 49,
    'adafruit_character_lcd/character_lcd.mpy': 3550,
    'adafruit_character_lcd/character_lcd_i2c.mpy': 818,
    'adafruit_character_lcd/character_lcd_rgb_i2c.mpy': 1035,
    'adafruit_character_lcd/character_lcd_spi.mpy': 636,
    'adafruit_framebuf.mpy': 5336,
    'adafruit_mcp230xx': -1,
    'adafruit_mcp230xx/__init__.mpy': 44,
    'adafruit_mcp230xx/digital_inout.mpy': 1572,
    'adafruit_mcp230xx/mcp23008.mpy': 1356,
    'adafruit_mcp230xx/mcp23016.mpy': 1052,
    'adafruit_mcp230xx/mcp23017.mpy': 2316,
    'adafruit_mcp230xx/mcp230xx.mpy': 639,
    'adafruit_mcp230xx/mcp23s08.mpy': 820,
    'adafruit_mcp230xx/mcp23s17.mpy': 2136,
    'adafruit_mcp230xx/mcp23sxx.mpy': 893,
    'adafruit_mcp230xx/mcp23xxx.mpy': 517,
    'adafruit_ssd1306.mpy': 2808,
    'dummy.mpy': 38,
  })
# ---
